=== AgentNick daily fine-tune ===
Start (UTC): Thu May 21 18:30:01 UTC 2026
Start (IST): Fri May 22 00:00:01 IST 2026
Host: i-031e36fa2f6045e3a

--- GPU state ---
name, memory.total [MiB], memory.used [MiB], memory.free [MiB]
NVIDIA A10G, 23028 MiB, 12503 MiB, 10220 MiB

--- procwise state ---
active

--- Triggering run_overnight_finetune.sh (8h30m hard limit) ---
=== AgentNick Overnight Fine-tuning ===
Started: Thu May 21 18:30:01 UTC 2026

[1/5] Building training dataset...
Building overnight fine-tuning dataset...
  Auto-collected: 47 examples
  Existing QLoRA: 73 examples
  Multi-agent + accuracy: 8 examples
  ProcWise knowledge: 34 examples

Total: 162 training examples → /home/muthu/PycharmProjects/BP_Backend/data/training/overnight_finetune.jsonl
File size: 305.7 KB

[2/5] Starting QLoRA fine-tuning...
Traceback (most recent call last):
  File "/home/muthu/PycharmProjects/BP_Backend/src/training/pipeline.py", line 301, in _train_model
    from unsloth import FastLanguageModel  # type: ignore
    ^^^^^^^^^^^^^^^^^^^^^^^^^^^^^^^^^^^^^
ModuleNotFoundError: No module named 'unsloth'

The above exception was the direct cause of the following exception:

Traceback (most recent call last):
  File "<string>", line 20, in <module>
  File "/home/muthu/PycharmProjects/BP_Backend/src/training/pipeline.py", line 306, in _train_model
    raise ModuleNotFoundError(
ModuleNotFoundError: Training dependencies missing: No module named 'unsloth'

--- Result ---
exit code: 1
End (UTC): Thu May 21 18:30:01 UTC 2026
End (IST): Fri May 22 00:00:01 IST 2026
STATUS: FAILED rc=1
