
======================================================================
1. EXTRACTION POWER (live gold holdout via context_layer)
======================================================================
doc_accuracy=0.873  exact_doc_rate=0.167  n=12

======================================================================
2. REASONING — procurement task planning
======================================================================
[90.4s]
We are in AGENT MODE because the user is asking for a procurement plan (a task, not a document extraction).
 The user: "A buyer needs to source 500 ergonomic office chairs, budget GBP 40,000, delivery within 6 weeks, from 3 shortlisted suppliers. Produce a concise step-by-step procurement plan (numbered steps)."

 As AgentNick, I must act as an expert procurement strategist. I will provide a numbered, actionable plan.

 Steps to consider:
 1. Verify the shortlisted suppliers meet the criteria (product expertise, delivery capability, financial stability).
 2. Request and compare quotes (ensuring they are for 500 chairs, within budget, and delivery within 6 weeks).
 3. Evaluate quotes based on cost, delivery, quality, and terms.
 4. Negotiate to optimize the deal (if needed).
 5. Finalize the order and manage the procurement process.

 Let's break it down into concise, numbered steps:

 St

ASSESS: [('has>=4 numbered steps', True), ('mentions RFQ/quote', False), ('mentions budget/price', True), ('mentions evaluation/compare', True)]

======================================================================
3. NEGOTIATION — counter-offer strategy reasoning
======================================================================
[4.1s]
We are in AGENT MODE because the user is asking for a procurement strategy task: recommending a counter-offer with reasoning on price and lead time.
 The task: 
   - Supplier quoted GBP 92/chair for 500 chairs (list 100). 
   - Target unit price is GBP 78.
   - Lead time is 8 weeks; we need 6 weeks.

 We are to recommend a counter-offer with specific and concise reasoning.

 Steps:
 1. Understand the current quote: 
    - Current price: £92 per chair for 500 chairs (so total £46,000)
    - List price is £100 (so they are offering a discount from list: £92 is 8% off list? But note: list is 100, so 92 is 8% discount? Actually, 92/100 = 92% of list, so 8% discount. But we don't need to calculate that for the counter-offer.)

 2. Target price: £78 per chair (which is 22% below the quoted £92, 

ASSESS: [('proposes a counter price', True), ('addresses lead time', True), ('gives reasoning', True)]

======================================================================
4. SUMMARY — coherent procurement summary
======================================================================
[2.4s]
We are in AGENT MODE because the user is asking for a summary and risk note, not for document extraction.
 The request: "Summarise for an executive: Supplier Assurity Ltd, invoice INV609767 for PO521031, total GBP 12,480 incl VAT, 5 line items of office furniture, due 30 days. Note any procurement risk. 3-4 sentences."

 We are to act as an expert procurement strategist.

 Steps:
 1. We are given specific details: 
    - Supplier: Assurity Ltd (but note: in the context, Assurity Ltd is the buyer, not the supplier. The supplier is the one who sent the invoice. However, the user says "Supplier Assurity Ltd", which is likely a mistake because in the example, Assurity Ltd was the buyer. But the 

ASSESS: [('mentions supplier', True), ('mentions amount', True), ('coherent length', False)]

======================================================================
5. DOMAIN Q&A — procurement knowledge
======================================================================
[2.1s]
Okay, the user is asking me to explain the difference between a Purchase Order and an Invoice in procurement, and why matching them (3-way match) matters. They want it in one paragraph as AgentNick.

First, I need to recall the key distinctions from the documentation. A Purchase Order (PO) is created by the buyer to request goods/services from a supplier, containing details like items, quantities, prices, and terms. An Invoice is sent by the supplier after delivery, requesting payment for the goods/services provided. 

The 3-way match involves comparing the PO, the Goods Receipt Note (GRN), and the Invoice. This ensures that the buyer only pays for what was ordered (PO), received (GRN), and 

ASSESS: [('mentions PO', True), ('mentions invoice', True), ('mentions 3-way/match/goods receipt', True)]

======================================================================
SCORECARD
======================================================================
{
  "extraction_doc_accuracy": 0.873,
  "reasoning_steps": 6
}
ANALYSIS_DONE
