warmup (documents/Invoice/AQUARIUS INV-25-050 for PO508084 .pdf) ...
[0;93m2026-06-28 14:42:40.835693109 [W:onnxruntime:Default, device_discovery.cc:325 DiscoverDevicesForPlatform] GPU device discovery failed: device_discovery.cc:92 ReadFileContents Failed to open file: "/sys/class/drm/card0/device/vendor"[m
[32m[INFO] 2026-06-28 14:42:40,967 [RapidOCR] base.py:22: Using engine_name: onnxruntime[0m
[32m[INFO] 2026-06-28 14:42:40,971 [RapidOCR] download_file.py:60: File exists and is valid: /home/muthu/PycharmProjects/BP_Backend/.venv/lib/python3.12/site-packages/rapidocr/models/ch_PP-OCRv4_det_mobile.onnx[0m
[32m[INFO] 2026-06-28 14:42:40,971 [RapidOCR] main.py:57: Using /home/muthu/PycharmProjects/BP_Backend/.venv/lib/python3.12/site-packages/rapidocr/models/ch_PP-OCRv4_det_mobile.onnx[0m
[32m[INFO] 2026-06-28 14:42:41,036 [RapidOCR] base.py:22: Using engine_name: onnxruntime[0m
[32m[INFO] 2026-06-28 14:42:41,036 [RapidOCR] download_file.py:60: File exists and is valid: /home/muthu/PycharmProjects/BP_Backend/.venv/lib/python3.12/site-packages/rapidocr/models/ch_ppocr_mobile_v2.0_cls_mobile.onnx[0m
[32m[INFO] 2026-06-28 14:42:41,037 [RapidOCR] main.py:57: Using /home/muthu/PycharmProjects/BP_Backend/.venv/lib/python3.12/site-packages/rapidocr/models/ch_ppocr_mobile_v2.0_cls_mobile.onnx[0m
[32m[INFO] 2026-06-28 14:42:41,069 [RapidOCR] base.py:22: Using engine_name: onnxruntime[0m
[32m[INFO] 2026-06-28 14:42:41,076 [RapidOCR] download_file.py:60: File exists and is valid: /home/muthu/PycharmProjects/BP_Backend/.venv/lib/python3.12/site-packages/rapidocr/models/ch_PP-OCRv4_rec_mobile.onnx[0m
[32m[INFO] 2026-06-28 14:42:41,076 [RapidOCR] main.py:57: Using /home/muthu/PycharmProjects/BP_Backend/.venv/lib/python3.12/site-packages/rapidocr/models/ch_PP-OCRv4_rec_mobile.onnx[0m
Loading weights:   0%|          | 0/770 [00:00<?, ?it/s]Loading weights: 100%|██████████| 770/770 [00:00<00:00, 12579.56it/s]
inline promote failed: bench-noop
     7.30s  96b3dcb43da4  pending   documents/Invoice/AQUARIUS INV-25-050 for PO508084 .pdf

timed batch: 9 docs, 8 workers, OLLAMA_BASE_URL=http://127.0.0.1:11434 MAX_CONCURRENT=8
inline promote failed: bench-noop
     7.15s  57bfd1248870  pending   documents/Quote/DESIGN HOUSE AGENCY QUT DHA-2025-102.pdf
inline promote failed: bench-noop
    11.64s  498dc850b7bf  pending   documents/Invoice/AQUARIUS INV-25-050 for PO508084 .pdf
inline promote failed: bench-noop
    14.49s  1c3a2b6c1db2  pending   documents/Quote/AQUARIUS QUT-25-032.pdf
inline promote failed: bench-noop
    14.53s  e6b206a00f58  pending   documents/Invoice/AQUARIUS INV-25-051 for PO508084 .pdf
inline promote failed: bench-noop
    14.91s  2009c9f6c8d1  pending   documents/Invoice/CITY OF NEWPORT INV600253 for PO502004 .pdf
inline promote failed: bench-noop
    15.64s  c906937c6853  pending   documents/PO/PO_PO405867.pdf
inline promote failed: bench-noop
     9.00s  a563d7880e58  pending   documents/po/Oracle Purchase Order.docx
inline promote failed: bench-noop
    17.24s  4729539ec617  pending   documents/PO/PO_PO519829.pdf
inline promote failed: bench-noop
    45.17s  f1218b39685d  pending   documents/Quote/CITY OF NEWPORT QUT599390 .pdf

batch_total=45.17s  mean_doc=16.64s  sum_doc=149.77s  ok=9/9
wrote /home/muthu/PycharmProjects/BP_Backend/artifacts/gpu_upgrade/renov_prod_np8_b.json
