warmup (documents/Invoice/AQUARIUS INV-25-050 for PO508084 .pdf) ...
[0;93m2026-06-28 15:04:54.394373725 [W:onnxruntime:Default, device_discovery.cc:325 DiscoverDevicesForPlatform] GPU device discovery failed: device_discovery.cc:92 ReadFileContents Failed to open file: "/sys/class/drm/card0/device/vendor"[m
[32m[INFO] 2026-06-28 15:04:54,524 [RapidOCR] base.py:22: Using engine_name: onnxruntime[0m
[32m[INFO] 2026-06-28 15:04:54,528 [RapidOCR] download_file.py:60: File exists and is valid: /home/muthu/PycharmProjects/BP_Backend/.venv/lib/python3.12/site-packages/rapidocr/models/ch_PP-OCRv4_det_mobile.onnx[0m
[32m[INFO] 2026-06-28 15:04:54,529 [RapidOCR] main.py:57: Using /home/muthu/PycharmProjects/BP_Backend/.venv/lib/python3.12/site-packages/rapidocr/models/ch_PP-OCRv4_det_mobile.onnx[0m
[32m[INFO] 2026-06-28 15:04:54,595 [RapidOCR] base.py:22: Using engine_name: onnxruntime[0m
[32m[INFO] 2026-06-28 15:04:54,596 [RapidOCR] download_file.py:60: File exists and is valid: /home/muthu/PycharmProjects/BP_Backend/.venv/lib/python3.12/site-packages/rapidocr/models/ch_ppocr_mobile_v2.0_cls_mobile.onnx[0m
[32m[INFO] 2026-06-28 15:04:54,596 [RapidOCR] main.py:57: Using /home/muthu/PycharmProjects/BP_Backend/.venv/lib/python3.12/site-packages/rapidocr/models/ch_ppocr_mobile_v2.0_cls_mobile.onnx[0m
[32m[INFO] 2026-06-28 15:04:54,629 [RapidOCR] base.py:22: Using engine_name: onnxruntime[0m
[32m[INFO] 2026-06-28 15:04:54,637 [RapidOCR] download_file.py:60: File exists and is valid: /home/muthu/PycharmProjects/BP_Backend/.venv/lib/python3.12/site-packages/rapidocr/models/ch_PP-OCRv4_rec_mobile.onnx[0m
[32m[INFO] 2026-06-28 15:04:54,637 [RapidOCR] main.py:57: Using /home/muthu/PycharmProjects/BP_Backend/.venv/lib/python3.12/site-packages/rapidocr/models/ch_PP-OCRv4_rec_mobile.onnx[0m
Loading weights:   0%|          | 0/770 [00:00<?, ?it/s]Loading weights: 100%|██████████| 770/770 [00:00<00:00, 13039.99it/s]
inline promote failed: bench-noop
     9.27s  498dc850b7bf  pending   documents/Invoice/AQUARIUS INV-25-050 for PO508084 .pdf

timed batch: 9 docs, 8 workers, OLLAMA_BASE_URL=http://127.0.0.1:11446 MAX_CONCURRENT=8
inline promote failed: bench-noop
     7.27s  1c573e02c06d  pending   documents/Quote/DESIGN HOUSE AGENCY QUT DHA-2025-102.pdf
inline promote failed: bench-noop
     9.66s  498dc850b7bf  pending   documents/Invoice/AQUARIUS INV-25-050 for PO508084 .pdf
inline promote failed: bench-noop
    11.45s  1c3a2b6c1db2  pending   documents/Quote/AQUARIUS QUT-25-032.pdf
inline promote failed: bench-noop
    11.68s  e6b206a00f58  pending   documents/Invoice/AQUARIUS INV-25-051 for PO508084 .pdf
inline promote failed: bench-noop
    12.42s  2009c9f6c8d1  pending   documents/Invoice/CITY OF NEWPORT INV600253 for PO502004 .pdf
inline promote failed: bench-noop
    12.85s  c906937c6853  pending   documents/PO/PO_PO405867.pdf
inline promote failed: bench-noop
     6.47s  a563d7880e58  pending   documents/po/Oracle Purchase Order.docx
inline promote failed: bench-noop
    14.34s  4729539ec617  pending   documents/PO/PO_PO519829.pdf
inline promote failed: bench-noop
    41.86s  f1218b39685d  pending   documents/Quote/CITY OF NEWPORT QUT599390 .pdf

batch_total=41.86s  mean_doc=14.22s  sum_doc=128.0s  ok=9/9
wrote /home/muthu/PycharmProjects/BP_Backend/artifacts/gpu_upgrade/renov_fresh_np8_final.json
