warmup (documents/Invoice/AQUARIUS INV-25-050 for PO508084 .pdf) ...
[0;93m2026-06-28 11:41:59.589695125 [W:onnxruntime:Default, device_discovery.cc:325 DiscoverDevicesForPlatform] GPU device discovery failed: device_discovery.cc:92 ReadFileContents Failed to open file: "/sys/class/drm/card0/device/vendor"[m
[32m[INFO] 2026-06-28 11:41:59,720 [RapidOCR] base.py:22: Using engine_name: onnxruntime[0m
[32m[INFO] 2026-06-28 11:41:59,724 [RapidOCR] download_file.py:60: File exists and is valid: /home/muthu/PycharmProjects/BP_Backend/.venv/lib/python3.12/site-packages/rapidocr/models/ch_PP-OCRv4_det_mobile.onnx[0m
[32m[INFO] 2026-06-28 11:41:59,724 [RapidOCR] main.py:57: Using /home/muthu/PycharmProjects/BP_Backend/.venv/lib/python3.12/site-packages/rapidocr/models/ch_PP-OCRv4_det_mobile.onnx[0m
[32m[INFO] 2026-06-28 11:41:59,802 [RapidOCR] base.py:22: Using engine_name: onnxruntime[0m
[32m[INFO] 2026-06-28 11:41:59,803 [RapidOCR] download_file.py:60: File exists and is valid: /home/muthu/PycharmProjects/BP_Backend/.venv/lib/python3.12/site-packages/rapidocr/models/ch_ppocr_mobile_v2.0_cls_mobile.onnx[0m
[32m[INFO] 2026-06-28 11:41:59,803 [RapidOCR] main.py:57: Using /home/muthu/PycharmProjects/BP_Backend/.venv/lib/python3.12/site-packages/rapidocr/models/ch_ppocr_mobile_v2.0_cls_mobile.onnx[0m
[32m[INFO] 2026-06-28 11:41:59,835 [RapidOCR] base.py:22: Using engine_name: onnxruntime[0m
[32m[INFO] 2026-06-28 11:41:59,842 [RapidOCR] download_file.py:60: File exists and is valid: /home/muthu/PycharmProjects/BP_Backend/.venv/lib/python3.12/site-packages/rapidocr/models/ch_PP-OCRv4_rec_mobile.onnx[0m
[32m[INFO] 2026-06-28 11:41:59,843 [RapidOCR] main.py:57: Using /home/muthu/PycharmProjects/BP_Backend/.venv/lib/python3.12/site-packages/rapidocr/models/ch_PP-OCRv4_rec_mobile.onnx[0m
Loading weights:   0%|          | 0/770 [00:00<?, ?it/s]Loading weights: 100%|██████████| 770/770 [00:00<00:00, 31648.30it/s]
inline promote failed: bench-noop
     7.27s  96b3dcb43da4  pending   documents/Invoice/AQUARIUS INV-25-050 for PO508084 .pdf

timed batch: 9 docs, 8 workers, OLLAMA_BASE_URL=http://127.0.0.1:11435 MAX_CONCURRENT=8
inline promote failed: bench-noop
    10.75s  57bfd1248870  pending   documents/Quote/DESIGN HOUSE AGENCY QUT DHA-2025-102.pdf
inline promote failed: bench-noop
    12.46s  498dc850b7bf  pending   documents/Invoice/AQUARIUS INV-25-050 for PO508084 .pdf
inline promote failed: bench-noop
    15.81s  b318d3c52f13  pending   documents/Quote/AQUARIUS QUT-25-032.pdf
inline promote failed: bench-noop
    15.87s  e6b206a00f58  pending   documents/Invoice/AQUARIUS INV-25-051 for PO508084 .pdf
inline promote failed: bench-noop
    16.12s  2009c9f6c8d1  pending   documents/Invoice/CITY OF NEWPORT INV600253 for PO502004 .pdf
inline promote failed: bench-noop
    17.29s  c906937c6853  pending   documents/PO/PO_PO405867.pdf
inline promote failed: bench-noop
     8.08s  a563d7880e58  pending   documents/po/Oracle Purchase Order.docx
inline promote failed: bench-noop
    18.88s  4729539ec617  pending   documents/PO/PO_PO519829.pdf
inline promote failed: bench-noop
    46.85s  f1218b39685d  pending   documents/Quote/CITY OF NEWPORT QUT599390 .pdf

batch_total=46.86s  mean_doc=18.01s  sum_doc=162.11s  ok=9/9
wrote /home/muthu/PycharmProjects/BP_Backend/artifacts/gpu_upgrade/renov_after2.json
